sat 1 beam 1 user 1 color A
sat 2 beam 1 user 2 color A
sat 2 beam 2 user 3 color A
