sat 1 beam 1 user 1 color A
sat 1 beam 2 user 2 color B
