sat 1 beam 1 user 1 color A
sat 1 beam 2 user 2 color B
sat 1 beam 3 user 3 color C
sat 1 beam 4 user 4 color D
