sat 1 beam 1 user 237 color A
sat 1 beam 2 user 253 color A
sat 1 beam 3 user 261 color A
sat 1 beam 4 user 282 color A
sat 1 beam 5 user 291 color A
sat 1 beam 6 user 325 color A
sat 1 beam 7 user 337 color A
sat 1 beam 8 user 413 color B
sat 1 beam 9 user 436 color A
sat 1 beam 10 user 437 color B
sat 1 beam 11 user 511 color B
sat 1 beam 12 user 575 color B
sat 1 beam 13 user 599 color C
sat 1 beam 14 user 601 color B
sat 1 beam 15 user 630 color C
sat 1 beam 16 user 772 color D
sat 1 beam 17 user 822 color B
sat 1 beam 18 user 947 color A
sat 1 beam 19 user 989 color A
sat 2 beam 1 user 8 color A
sat 2 beam 2 user 20 color A
sat 2 beam 3 user 115 color A
sat 2 beam 4 user 122 color B
sat 2 beam 5 user 129 color A
sat 2 beam 6 user 139 color A
sat 2 beam 7 user 151 color C
sat 2 beam 8 user 270 color A
sat 2 beam 9 user 288 color D
sat 2 beam 10 user 358 color A
sat 2 beam 11 user 409 color B
sat 2 beam 12 user 446 color B
sat 2 beam 13 user 496 color A
sat 2 beam 14 user 515 color B
sat 2 beam 15 user 538 color A
sat 2 beam 16 user 771 color A
sat 2 beam 17 user 901 color B
sat 2 beam 18 user 933 color C
sat 2 beam 19 user 994 color A
sat 3 beam 1 user 52 color A
sat 3 beam 2 user 60 color A
sat 3 beam 3 user 102 color A
sat 3 beam 4 user 166 color A
sat 3 beam 5 user 300 color B
sat 3 beam 6 user 344 color B
sat 3 beam 7 user 439 color A
sat 3 beam 8 user 554 color C
sat 3 beam 9 user 863 color A
sat 3 beam 10 user 876 color B
sat 3 beam 11 user 906 color D
sat 4 beam 1 user 10 color A
sat 4 beam 2 user 25 color A
sat 4 beam 3 user 57 color A
sat 4 beam 4 user 124 color A
sat 4 beam 5 user 167 color B
sat 4 beam 6 user 232 color A
sat 4 beam 7 user 244 color A
sat 4 beam 8 user 245 color B
sat 4 beam 9 user 284 color B
sat 4 beam 10 user 299 color B
sat 4 beam 11 user 318 color A
sat 4 beam 12 user 368 color A
sat 4 beam 13 user 380 color B
sat 4 beam 14 user 425 color C
sat 4 beam 15 user 472 color C
sat 4 beam 16 user 589 color A
sat 4 beam 17 user 668 color C
sat 4 beam 18 user 683 color D
sat 4 beam 19 user 781 color A
sat 4 beam 20 user 801 color A
sat 4 beam 21 user 891 color A
sat 4 beam 22 user 903 color C
sat 4 beam 23 user 923 color A
sat 4 beam 24 user 951 color D
sat 4 beam 25 user 965 color B
sat 5 beam 1 user 15 color A
sat 5 beam 2 user 16 color A
sat 5 beam 3 user 23 color A
sat 5 beam 4 user 77 color A
sat 5 beam 5 user 214 color A
sat 5 beam 6 user 223 color A
sat 5 beam 7 user 224 color A
sat 5 beam 8 user 246 color B
sat 5 beam 9 user 259 color C
sat 5 beam 10 user 295 color A
sat 5 beam 11 user 372 color B
sat 5 beam 12 user 470 color A
sat 5 beam 13 user 491 color A
sat 5 beam 14 user 498 color B
sat 5 beam 15 user 753 color D
sat 5 beam 16 user 811 color B
sat 5 beam 17 user 894 color C
sat 5 beam 18 user 978 color A
sat 6 beam 1 user 95 color A
sat 6 beam 2 user 235 color A
sat 6 beam 3 user 272 color A
sat 6 beam 4 user 296 color A
sat 6 beam 5 user 402 color A
sat 6 beam 6 user 412 color A
sat 6 beam 7 user 428 color B
sat 6 beam 8 user 522 color B
sat 6 beam 9 user 567 color C
sat 6 beam 10 user 676 color C
sat 6 beam 11 user 728 color D
sat 6 beam 12 user 731 color C
sat 6 beam 13 user 802 color B
sat 6 beam 14 user 843 color B
sat 6 beam 15 user 845 color A
sat 6 beam 16 user 956 color A
sat 6 beam 17 user 983 color B
sat 7 beam 1 user 5 color A
sat 7 beam 2 user 64 color A
sat 7 beam 3 user 87 color A
sat 7 beam 4 user 170 color A
sat 7 beam 5 user 173 color A
sat 7 beam 6 user 242 color B
sat 7 beam 7 user 530 color B
sat 7 beam 8 user 605 color A
sat 7 beam 9 user 637 color C
sat 7 beam 10 user 700 color B
sat 7 beam 11 user 718 color A
sat 7 beam 12 user 730 color C
sat 7 beam 13 user 847 color A
sat 7 beam 14 user 880 color B
sat 7 beam 15 user 961 color A
sat 7 beam 16 user 970 color C
sat 7 beam 17 user 999 color B
sat 8 beam 1 user 3 color A
sat 8 beam 2 user 93 color A
sat 8 beam 3 user 134 color A
sat 8 beam 4 user 163 color A
sat 8 beam 5 user 323 color A
sat 8 beam 6 user 389 color A
sat 8 beam 7 user 529 color B
sat 8 beam 8 user 536 color B
sat 8 beam 9 user 574 color A
sat 8 beam 10 user 591 color A
sat 8 beam 11 user 654 color A
sat 8 beam 12 user 681 color B
sat 8 beam 13 user 685 color B
sat 8 beam 14 user 708 color C
sat 8 beam 15 user 748 color B
sat 8 beam 16 user 756 color A
sat 8 beam 17 user 768 color C
sat 8 beam 18 user 775 color C
sat 8 beam 19 user 871 color A
sat 8 beam 20 user 929 color B
sat 8 beam 21 user 938 color B
sat 9 beam 1 user 9 color A
sat 9 beam 2 user 50 color B
sat 9 beam 3 user 132 color B
sat 9 beam 4 user 239 color A
sat 9 beam 5 user 406 color A
sat 9 beam 6 user 441 color B
sat 9 beam 7 user 485 color A
sat 9 beam 8 user 633 color C
sat 9 beam 9 user 704 color A
sat 9 beam 10 user 780 color A
sat 9 beam 11 user 832 color A
sat 9 beam 12 user 995 color B
sat 10 beam 1 user 161 color A
sat 10 beam 2 user 196 color A
sat 10 beam 3 user 230 color B
sat 10 beam 4 user 294 color A
sat 10 beam 5 user 362 color B
sat 10 beam 6 user 370 color A
sat 10 beam 7 user 398 color C
sat 10 beam 8 user 487 color C
sat 10 beam 9 user 503 color A
sat 10 beam 10 user 513 color B
sat 10 beam 11 user 548 color A
sat 10 beam 12 user 659 color B
sat 10 beam 13 user 742 color C
sat 10 beam 14 user 805 color D
sat 10 beam 15 user 874 color A
sat 10 beam 16 user 875 color A
sat 10 beam 17 user 900 color A
sat 10 beam 18 user 990 color B
sat 11 beam 1 user 40 color A
sat 11 beam 2 user 47 color A
sat 11 beam 3 user 48 color A
sat 11 beam 4 user 142 color A
sat 11 beam 5 user 279 color A
sat 11 beam 6 user 361 color A
sat 11 beam 7 user 385 color A
sat 11 beam 8 user 414 color A
sat 11 beam 9 user 497 color B
sat 11 beam 10 user 539 color A
sat 11 beam 11 user 759 color B
sat 11 beam 12 user 789 color A
sat 11 beam 13 user 803 color C
sat 11 beam 14 user 829 color C
sat 11 beam 15 user 868 color B
sat 11 beam 16 user 915 color B
sat 11 beam 17 user 926 color C
sat 11 beam 18 user 940 color B
sat 11 beam 19 user 953 color B
sat 12 beam 1 user 43 color A
sat 12 beam 2 user 212 color A
sat 12 beam 3 user 252 color B
sat 12 beam 4 user 326 color B
sat 12 beam 5 user 343 color C
sat 12 beam 6 user 395 color D
sat 12 beam 7 user 420 color A
sat 12 beam 8 user 452 color A
sat 12 beam 9 user 480 color A
sat 12 beam 10 user 482 color B
sat 12 beam 11 user 577 color C
sat 12 beam 12 user 587 color A
sat 12 beam 13 user 619 color B
sat 12 beam 14 user 833 color A
sat 12 beam 15 user 859 color A
sat 13 beam 1 user 71 color A
sat 13 beam 2 user 210 color A
sat 13 beam 3 user 328 color A
sat 13 beam 4 user 364 color A
sat 13 beam 5 user 366 color A
sat 13 beam 6 user 382 color A
sat 13 beam 7 user 528 color B
sat 13 beam 8 user 561 color A
sat 13 beam 9 user 590 color B
sat 13 beam 10 user 618 color B
sat 13 beam 11 user 627 color B
sat 13 beam 12 user 634 color C
sat 13 beam 13 user 635 color C
sat 13 beam 14 user 673 color B
sat 13 beam 15 user 754 color B
sat 13 beam 16 user 858 color D
sat 13 beam 17 user 904 color A
sat 13 beam 18 user 981 color C
sat 14 beam 1 user 12 color A
sat 14 beam 2 user 70 color A
sat 14 beam 3 user 90 color A
sat 14 beam 4 user 92 color A
sat 14 beam 5 user 254 color A
sat 14 beam 6 user 280 color B
sat 14 beam 7 user 316 color B
sat 14 beam 8 user 324 color B
sat 14 beam 9 user 404 color B
sat 14 beam 10 user 518 color B
sat 14 beam 11 user 521 color A
sat 14 beam 12 user 602 color A
sat 14 beam 13 user 617 color A
sat 14 beam 14 user 664 color B
sat 14 beam 15 user 682 color A
sat 14 beam 16 user 720 color B
sat 14 beam 17 user 767 color A
sat 14 beam 18 user 851 color C
sat 14 beam 19 user 862 color C
sat 14 beam 20 user 914 color A
sat 14 beam 21 user 920 color D
sat 14 beam 22 user 960 color B
sat 15 beam 1 user 7 color A
sat 15 beam 2 user 24 color B
sat 15 beam 3 user 267 color A
sat 15 beam 4 user 278 color A
sat 15 beam 5 user 303 color A
sat 15 beam 6 user 483 color A
sat 15 beam 7 user 505 color A
sat 15 beam 8 user 580 color A
sat 15 beam 9 user 600 color B
sat 15 beam 10 user 607 color A
sat 15 beam 11 user 609 color C
sat 15 beam 12 user 657 color A
sat 15 beam 13 user 669 color B
sat 15 beam 14 user 806 color C
sat 15 beam 15 user 830 color B
sat 16 beam 1 user 53 color A
sat 16 beam 2 user 55 color A
sat 16 beam 3 user 88 color B
sat 16 beam 4 user 118 color A
sat 16 beam 5 user 121 color A
sat 16 beam 6 user 150 color A
sat 16 beam 7 user 188 color B
sat 16 beam 8 user 222 color A
sat 16 beam 9 user 315 color A
sat 16 beam 10 user 348 color A
sat 16 beam 11 user 369 color B
sat 16 beam 12 user 373 color B
sat 16 beam 13 user 426 color A
sat 16 beam 14 user 435 color A
sat 16 beam 15 user 667 color B
sat 16 beam 16 user 680 color C
sat 16 beam 17 user 698 color B
sat 16 beam 18 user 711 color A
sat 16 beam 19 user 717 color B
sat 16 beam 20 user 770 color B
sat 16 beam 21 user 797 color A
sat 17 beam 1 user 72 color A
sat 17 beam 2 user 459 color A
sat 17 beam 3 user 488 color A
sat 17 beam 4 user 493 color A
sat 17 beam 5 user 510 color A
sat 17 beam 6 user 544 color A
sat 17 beam 7 user 553 color A
sat 17 beam 8 user 603 color B
sat 17 beam 9 user 628 color B
sat 17 beam 10 user 672 color A
sat 17 beam 11 user 686 color C
sat 17 beam 12 user 795 color A
sat 17 beam 13 user 866 color A
sat 17 beam 14 user 890 color D
sat 17 beam 15 user 905 color A
sat 17 beam 16 user 927 color B
sat 18 beam 1 user 101 color A
sat 18 beam 2 user 209 color A
sat 18 beam 3 user 349 color A
sat 18 beam 4 user 427 color A
sat 18 beam 5 user 623 color B
sat 18 beam 6 user 652 color A
sat 18 beam 7 user 699 color B
sat 18 beam 8 user 760 color B
sat 18 beam 9 user 807 color B
sat 18 beam 10 user 836 color C
sat 18 beam 11 user 971 color C
sat 19 beam 1 user 4 color A
sat 19 beam 2 user 128 color B
sat 19 beam 3 user 165 color A
sat 19 beam 4 user 260 color A
sat 19 beam 5 user 445 color A
sat 19 beam 6 user 478 color A
sat 19 beam 7 user 514 color A
sat 19 beam 8 user 517 color A
sat 19 beam 9 user 557 color A
sat 19 beam 10 user 629 color A
sat 19 beam 11 user 709 color C
sat 19 beam 12 user 818 color B
sat 19 beam 13 user 835 color D
sat 19 beam 14 user 844 color B
sat 19 beam 15 user 886 color C
sat 19 beam 16 user 925 color D
sat 19 beam 17 user 946 color A
sat 20 beam 1 user 126 color A
sat 20 beam 2 user 131 color A
sat 20 beam 3 user 152 color A
sat 20 beam 4 user 218 color A
sat 20 beam 5 user 329 color A
sat 20 beam 6 user 367 color A
sat 20 beam 7 user 453 color A
sat 20 beam 8 user 481 color B
sat 20 beam 9 user 527 color B
sat 20 beam 10 user 572 color A
sat 20 beam 11 user 613 color C
sat 20 beam 12 user 631 color A
sat 20 beam 13 user 687 color A
sat 20 beam 14 user 814 color B
sat 20 beam 15 user 878 color C
sat 21 beam 1 user 14 color A
sat 21 beam 2 user 19 color A
sat 21 beam 3 user 216 color A
sat 21 beam 4 user 249 color A
sat 21 beam 5 user 342 color A
sat 21 beam 6 user 550 color B
sat 21 beam 7 user 571 color A
sat 21 beam 8 user 661 color B
sat 21 beam 9 user 726 color A
sat 21 beam 10 user 857 color A
sat 21 beam 11 user 861 color B
sat 21 beam 12 user 966 color A
sat 22 beam 1 user 213 color A
sat 22 beam 2 user 331 color A
sat 22 beam 3 user 347 color B
sat 22 beam 4 user 450 color A
sat 22 beam 5 user 583 color A
sat 22 beam 6 user 792 color A
sat 22 beam 7 user 820 color B
sat 22 beam 8 user 860 color B
sat 22 beam 9 user 987 color A
sat 23 beam 1 user 58 color A
sat 23 beam 2 user 97 color A
sat 23 beam 3 user 198 color A
sat 23 beam 4 user 352 color A
sat 23 beam 5 user 381 color A
sat 23 beam 6 user 429 color B
sat 23 beam 7 user 433 color C
sat 23 beam 8 user 449 color B
sat 23 beam 9 user 568 color A
sat 23 beam 10 user 598 color B
sat 23 beam 11 user 616 color B
sat 23 beam 12 user 663 color A
sat 23 beam 13 user 799 color B
sat 23 beam 14 user 839 color A
sat 23 beam 15 user 911 color B
sat 23 beam 16 user 959 color C
sat 23 beam 17 user 972 color A
sat 23 beam 18 user 988 color B
sat 24 beam 1 user 45 color A
sat 24 beam 2 user 107 color A
sat 24 beam 3 user 119 color A
sat 24 beam 4 user 251 color A
sat 24 beam 5 user 394 color A
sat 24 beam 6 user 444 color A
sat 24 beam 7 user 466 color A
sat 24 beam 8 user 486 color B
sat 24 beam 9 user 502 color A
sat 24 beam 10 user 545 color A
sat 24 beam 11 user 715 color B
sat 24 beam 12 user 747 color B
sat 24 beam 13 user 776 color B
sat 24 beam 14 user 919 color B
sat 25 beam 1 user 91 color A
sat 25 beam 2 user 148 color A
sat 25 beam 3 user 158 color A
sat 25 beam 4 user 189 color A
sat 25 beam 5 user 286 color A
sat 25 beam 6 user 330 color B
sat 25 beam 7 user 541 color A
sat 25 beam 8 user 565 color A
sat 25 beam 9 user 595 color B
sat 25 beam 10 user 597 color A
sat 25 beam 11 user 604 color A
sat 25 beam 12 user 651 color C
sat 25 beam 13 user 678 color B
sat 25 beam 14 user 692 color C
sat 25 beam 15 user 796 color A
sat 25 beam 16 user 800 color A
sat 25 beam 17 user 817 color B
sat 25 beam 18 user 950 color B
sat 26 beam 1 user 2 color A
sat 26 beam 2 user 11 color A
sat 26 beam 3 user 135 color B
sat 26 beam 4 user 155 color A
sat 26 beam 5 user 172 color C
sat 26 beam 6 user 340 color A
sat 26 beam 7 user 346 color A
sat 26 beam 8 user 387 color B
sat 26 beam 9 user 388 color B
sat 26 beam 10 user 408 color D
sat 26 beam 11 user 570 color A
sat 26 beam 12 user 632 color A
sat 26 beam 13 user 656 color A
sat 26 beam 14 user 761 color A
sat 26 beam 15 user 774 color B
sat 26 beam 16 user 968 color A
sat 27 beam 1 user 6 color A
sat 27 beam 2 user 62 color A
sat 27 beam 3 user 141 color A
sat 27 beam 4 user 153 color A
sat 27 beam 5 user 182 color B
sat 27 beam 6 user 197 color A
sat 27 beam 7 user 243 color C
sat 27 beam 8 user 255 color B
sat 27 beam 9 user 256 color B
sat 27 beam 10 user 371 color A
sat 27 beam 11 user 376 color A
sat 27 beam 12 user 397 color A
sat 27 beam 13 user 423 color B
sat 27 beam 14 user 461 color A
sat 27 beam 15 user 535 color B
sat 27 beam 16 user 615 color B
sat 27 beam 17 user 641 color B
sat 27 beam 18 user 671 color C
sat 27 beam 19 user 697 color B
sat 27 beam 20 user 743 color C
sat 27 beam 21 user 749 color C
sat 27 beam 22 user 755 color B
sat 28 beam 1 user 69 color A
sat 28 beam 2 user 201 color A
sat 28 beam 3 user 229 color A
sat 28 beam 4 user 268 color A
sat 28 beam 5 user 283 color B
sat 28 beam 6 user 411 color A
sat 28 beam 7 user 418 color A
sat 28 beam 8 user 473 color B
sat 28 beam 9 user 489 color A
sat 28 beam 10 user 741 color C
sat 28 beam 11 user 825 color B
sat 28 beam 12 user 831 color C
sat 28 beam 13 user 879 color B
sat 28 beam 14 user 931 color C
sat 28 beam 15 user 932 color B
sat 29 beam 1 user 184 color A
sat 29 beam 2 user 190 color A
sat 29 beam 3 user 257 color A
sat 29 beam 4 user 312 color A
sat 29 beam 5 user 363 color A
sat 29 beam 6 user 416 color A
sat 29 beam 7 user 475 color B
sat 29 beam 8 user 551 color A
sat 29 beam 9 user 579 color B
sat 29 beam 10 user 690 color A
sat 29 beam 11 user 725 color A
sat 29 beam 12 user 737 color A
sat 29 beam 13 user 897 color B
sat 29 beam 14 user 930 color B
sat 29 beam 15 user 963 color A
sat 29 beam 16 user 997 color B
sat 30 beam 1 user 51 color A
sat 30 beam 2 user 66 color A
sat 30 beam 3 user 83 color A
sat 30 beam 4 user 86 color A
sat 30 beam 5 user 120 color A
sat 30 beam 6 user 137 color A
sat 30 beam 7 user 143 color A
sat 30 beam 8 user 186 color A
sat 30 beam 9 user 238 color A
sat 30 beam 10 user 262 color B
sat 30 beam 11 user 266 color A
sat 30 beam 12 user 319 color B
sat 30 beam 13 user 322 color B
sat 30 beam 14 user 336 color B
sat 30 beam 15 user 377 color C
sat 30 beam 16 user 383 color B
sat 30 beam 17 user 442 color D
sat 30 beam 18 user 585 color A
sat 30 beam 19 user 660 color B
sat 30 beam 20 user 824 color B
sat 30 beam 21 user 910 color B
sat 30 beam 22 user 937 color B
sat 30 beam 23 user 948 color C
sat 30 beam 24 user 996 color D
sat 31 beam 1 user 36 color A
sat 31 beam 2 user 85 color B
sat 31 beam 3 user 94 color A
sat 31 beam 4 user 133 color A
sat 31 beam 5 user 240 color A
sat 31 beam 6 user 271 color B
sat 31 beam 7 user 392 color A
sat 31 beam 8 user 556 color C
sat 31 beam 9 user 606 color A
sat 31 beam 10 user 638 color C
sat 31 beam 11 user 702 color A
sat 31 beam 12 user 710 color B
sat 31 beam 13 user 751 color A
sat 31 beam 14 user 763 color A
sat 31 beam 15 user 764 color A
sat 31 beam 16 user 823 color A
sat 31 beam 17 user 864 color A
sat 31 beam 18 user 872 color D
sat 32 beam 1 user 104 color A
sat 32 beam 2 user 174 color A
sat 32 beam 3 user 204 color A
sat 32 beam 4 user 292 color A
sat 32 beam 5 user 339 color A
sat 32 beam 6 user 549 color B
sat 32 beam 7 user 666 color A
sat 32 beam 8 user 674 color B
sat 32 beam 9 user 689 color B
sat 32 beam 10 user 724 color C
sat 32 beam 11 user 752 color D
sat 32 beam 12 user 842 color A
sat 32 beam 13 user 924 color A
sat 33 beam 1 user 65 color A
sat 33 beam 2 user 89 color A
sat 33 beam 3 user 355 color B
sat 33 beam 4 user 419 color A
sat 33 beam 5 user 458 color A
sat 33 beam 6 user 465 color B
sat 33 beam 7 user 523 color A
sat 33 beam 8 user 558 color C
sat 33 beam 9 user 562 color A
sat 33 beam 10 user 626 color B
sat 33 beam 11 user 670 color A
sat 33 beam 12 user 701 color A
sat 33 beam 13 user 727 color B
sat 33 beam 14 user 762 color A
sat 33 beam 15 user 812 color A
sat 33 beam 16 user 848 color B
sat 33 beam 17 user 888 color A
sat 33 beam 18 user 934 color B
sat 33 beam 19 user 954 color B
sat 33 beam 20 user 998 color C
sat 34 beam 1 user 44 color A
sat 34 beam 2 user 79 color A
sat 34 beam 3 user 144 color A
sat 34 beam 4 user 164 color A
sat 34 beam 5 user 195 color B
sat 34 beam 6 user 217 color A
sat 34 beam 7 user 365 color A
sat 34 beam 8 user 374 color A
sat 34 beam 9 user 559 color A
sat 34 beam 10 user 665 color C
sat 34 beam 11 user 707 color C
sat 34 beam 12 user 722 color A
sat 34 beam 13 user 735 color B
sat 34 beam 14 user 778 color A
sat 34 beam 15 user 892 color B
sat 34 beam 16 user 935 color A
sat 34 beam 17 user 936 color A
sat 34 beam 18 user 975 color B
sat 35 beam 1 user 30 color A
sat 35 beam 2 user 33 color A
sat 35 beam 3 user 99 color A
sat 35 beam 4 user 269 color A
sat 35 beam 5 user 276 color A
sat 35 beam 6 user 313 color A
sat 35 beam 7 user 350 color B
sat 35 beam 8 user 351 color A
sat 35 beam 9 user 524 color B
sat 35 beam 10 user 526 color A
sat 35 beam 11 user 723 color C
sat 35 beam 12 user 819 color B
sat 35 beam 13 user 887 color B
sat 35 beam 14 user 893 color C
sat 35 beam 15 user 952 color D
sat 35 beam 16 user 958 color C
sat 36 beam 1 user 59 color A
sat 36 beam 2 user 63 color A
sat 36 beam 3 user 112 color A
sat 36 beam 4 user 157 color B
sat 36 beam 5 user 162 color A
sat 36 beam 6 user 227 color C
sat 36 beam 7 user 422 color A
sat 36 beam 8 user 434 color A
sat 36 beam 9 user 533 color A
sat 36 beam 10 user 564 color C
sat 36 beam 11 user 581 color D
sat 36 beam 12 user 645 color A
sat 36 beam 13 user 896 color A
sat 36 beam 14 user 898 color B
sat 36 beam 15 user 899 color D
sat 36 beam 16 user 1000 color B
sat 37 beam 1 user 32 color A
sat 37 beam 2 user 187 color A
sat 37 beam 3 user 248 color A
sat 37 beam 4 user 391 color A
sat 37 beam 5 user 512 color B
sat 37 beam 6 user 552 color B
sat 37 beam 7 user 563 color A
sat 37 beam 8 user 612 color A
sat 37 beam 9 user 614 color A
sat 37 beam 10 user 646 color A
sat 37 beam 11 user 655 color A
sat 37 beam 12 user 693 color C
sat 37 beam 13 user 721 color D
sat 37 beam 14 user 740 color A
sat 37 beam 15 user 783 color B
sat 37 beam 16 user 804 color C
sat 37 beam 17 user 838 color B
sat 37 beam 18 user 849 color B
sat 37 beam 19 user 921 color A
sat 37 beam 20 user 982 color C
sat 37 beam 21 user 992 color A
sat 38 beam 1 user 13 color A
sat 38 beam 2 user 68 color A
sat 38 beam 3 user 168 color B
sat 38 beam 4 user 193 color A
sat 38 beam 5 user 194 color A
sat 38 beam 6 user 236 color A
sat 38 beam 7 user 307 color A
sat 38 beam 8 user 714 color A
sat 38 beam 9 user 877 color C
sat 38 beam 10 user 882 color B
sat 39 beam 1 user 80 color A
sat 39 beam 2 user 304 color A
sat 39 beam 3 user 353 color A
sat 39 beam 4 user 359 color A
sat 39 beam 5 user 403 color A
sat 39 beam 6 user 431 color A
sat 39 beam 7 user 484 color A
sat 39 beam 8 user 540 color A
sat 39 beam 9 user 573 color B
sat 39 beam 10 user 625 color A
sat 39 beam 11 user 649 color B
sat 39 beam 12 user 902 color B
sat 39 beam 13 user 916 color A
sat 40 beam 1 user 169 color A
sat 40 beam 2 user 192 color A
sat 40 beam 3 user 207 color A
sat 40 beam 4 user 231 color A
sat 40 beam 5 user 314 color B
sat 40 beam 6 user 448 color B
sat 40 beam 7 user 451 color A
sat 40 beam 8 user 621 color B
sat 40 beam 9 user 696 color B
sat 40 beam 10 user 703 color C
sat 40 beam 11 user 784 color A
sat 40 beam 12 user 867 color B
sat 40 beam 13 user 945 color D
sat 41 beam 1 user 42 color A
sat 41 beam 2 user 98 color A
sat 41 beam 3 user 113 color A
sat 41 beam 4 user 258 color A
sat 41 beam 5 user 341 color B
sat 41 beam 6 user 407 color A
sat 41 beam 7 user 410 color A
sat 41 beam 8 user 438 color B
sat 41 beam 9 user 443 color C
sat 41 beam 10 user 457 color A
sat 41 beam 11 user 477 color B
sat 41 beam 12 user 495 color B
sat 41 beam 13 user 592 color B
sat 41 beam 14 user 658 color C
sat 41 beam 15 user 813 color B
sat 41 beam 16 user 854 color A
sat 41 beam 17 user 870 color D
sat 42 beam 1 user 35 color A
sat 42 beam 2 user 54 color A
sat 42 beam 3 user 61 color A
sat 42 beam 4 user 84 color A
sat 42 beam 5 user 127 color A
sat 42 beam 6 user 138 color A
sat 42 beam 7 user 202 color A
sat 42 beam 8 user 205 color B
sat 42 beam 9 user 225 color B
sat 42 beam 10 user 247 color B
sat 42 beam 11 user 289 color B
sat 42 beam 12 user 305 color A
sat 42 beam 13 user 447 color A
sat 42 beam 14 user 460 color A
sat 42 beam 15 user 494 color A
sat 42 beam 16 user 534 color A
sat 42 beam 17 user 543 color C
sat 42 beam 18 user 642 color A
sat 42 beam 19 user 713 color B
sat 42 beam 20 user 745 color B
sat 42 beam 21 user 766 color B
sat 42 beam 22 user 821 color C
sat 43 beam 1 user 81 color A
sat 43 beam 2 user 111 color A
sat 43 beam 3 user 140 color A
sat 43 beam 4 user 147 color A
sat 43 beam 5 user 531 color B
sat 43 beam 6 user 542 color A
sat 43 beam 7 user 622 color B
sat 43 beam 8 user 639 color B
sat 43 beam 9 user 679 color C
sat 43 beam 10 user 706 color C
sat 43 beam 11 user 765 color A
sat 43 beam 12 user 816 color B
sat 43 beam 13 user 826 color A
sat 44 beam 1 user 22 color A
sat 44 beam 2 user 171 color A
sat 44 beam 3 user 176 color A
sat 44 beam 4 user 233 color A
sat 44 beam 5 user 263 color A
sat 44 beam 6 user 273 color B
sat 44 beam 7 user 310 color B
sat 44 beam 8 user 379 color A
sat 44 beam 9 user 474 color A
sat 44 beam 10 user 476 color A
sat 44 beam 11 user 519 color B
sat 44 beam 12 user 520 color C
sat 44 beam 13 user 525 color A
sat 44 beam 14 user 555 color B
sat 44 beam 15 user 594 color C
sat 44 beam 16 user 610 color C
sat 44 beam 17 user 620 color B
sat 44 beam 18 user 808 color A
sat 44 beam 19 user 883 color A
sat 44 beam 20 user 967 color C
sat 45 beam 1 user 18 color A
sat 45 beam 2 user 46 color A
sat 45 beam 3 user 76 color A
sat 45 beam 4 user 78 color A
sat 45 beam 5 user 110 color B
sat 45 beam 6 user 154 color A
sat 45 beam 7 user 179 color A
sat 45 beam 8 user 211 color A
sat 45 beam 9 user 320 color A
sat 45 beam 10 user 360 color A
sat 45 beam 11 user 378 color B
sat 45 beam 12 user 386 color B
sat 45 beam 13 user 393 color B
sat 45 beam 14 user 508 color A
sat 45 beam 15 user 566 color C
sat 45 beam 16 user 640 color B
sat 45 beam 17 user 662 color B
sat 45 beam 18 user 675 color C
sat 45 beam 19 user 684 color B
sat 45 beam 20 user 688 color D
sat 45 beam 21 user 712 color B
sat 45 beam 22 user 732 color B
sat 45 beam 23 user 739 color C
sat 45 beam 24 user 942 color A
sat 45 beam 25 user 973 color C
sat 46 beam 1 user 39 color A
sat 46 beam 2 user 73 color A
sat 46 beam 3 user 100 color B
sat 46 beam 4 user 145 color B
sat 46 beam 5 user 156 color A
sat 46 beam 6 user 228 color B
sat 46 beam 7 user 309 color A
sat 46 beam 8 user 327 color A
sat 46 beam 9 user 332 color B
sat 46 beam 10 user 333 color A
sat 46 beam 11 user 354 color B
sat 46 beam 12 user 357 color A
sat 46 beam 13 user 469 color C
sat 46 beam 14 user 576 color C
sat 46 beam 15 user 596 color B
sat 46 beam 16 user 705 color C
sat 46 beam 17 user 798 color A
sat 46 beam 18 user 873 color D
sat 46 beam 19 user 884 color A
sat 46 beam 20 user 980 color A
sat 47 beam 1 user 17 color A
sat 47 beam 2 user 21 color A
sat 47 beam 3 user 26 color A
sat 47 beam 4 user 29 color A
sat 47 beam 5 user 75 color B
sat 47 beam 6 user 146 color B
sat 47 beam 7 user 177 color A
sat 47 beam 8 user 180 color C
sat 47 beam 9 user 183 color A
sat 47 beam 10 user 206 color A
sat 47 beam 11 user 221 color B
sat 47 beam 12 user 250 color D
sat 47 beam 13 user 274 color A
sat 47 beam 14 user 285 color A
sat 47 beam 15 user 302 color B
sat 47 beam 16 user 308 color B
sat 47 beam 17 user 335 color A
sat 47 beam 18 user 400 color B
sat 47 beam 19 user 463 color A
sat 47 beam 20 user 467 color C
sat 47 beam 21 user 716 color C
sat 47 beam 22 user 853 color A
sat 47 beam 23 user 955 color B
sat 48 beam 1 user 27 color A
sat 48 beam 2 user 38 color A
sat 48 beam 3 user 56 color A
sat 48 beam 4 user 82 color A
sat 48 beam 5 user 117 color A
sat 48 beam 6 user 178 color A
sat 48 beam 7 user 185 color A
sat 48 beam 8 user 334 color A
sat 48 beam 9 user 396 color A
sat 48 beam 10 user 417 color A
sat 48 beam 11 user 432 color B
sat 48 beam 12 user 464 color B
sat 48 beam 13 user 490 color B
sat 48 beam 14 user 500 color A
sat 48 beam 15 user 509 color A
sat 48 beam 16 user 547 color C
sat 48 beam 17 user 757 color C
sat 48 beam 18 user 785 color B
sat 48 beam 19 user 827 color B
sat 48 beam 20 user 837 color B
sat 48 beam 21 user 856 color C
sat 48 beam 22 user 865 color D
sat 48 beam 23 user 869 color B
sat 48 beam 24 user 949 color B
sat 49 beam 1 user 34 color A
sat 49 beam 2 user 108 color A
sat 49 beam 3 user 226 color A
sat 49 beam 4 user 241 color A
sat 49 beam 5 user 415 color B
sat 49 beam 6 user 462 color A
sat 49 beam 7 user 569 color A
sat 49 beam 8 user 636 color A
sat 49 beam 9 user 744 color A
sat 49 beam 10 user 773 color B
sat 49 beam 11 user 850 color A
sat 49 beam 12 user 928 color B
sat 50 beam 1 user 74 color A
sat 50 beam 2 user 130 color A
sat 50 beam 3 user 208 color B
sat 50 beam 4 user 265 color A
sat 50 beam 5 user 297 color B
sat 50 beam 6 user 298 color A
sat 50 beam 7 user 306 color A
sat 50 beam 8 user 456 color A
sat 50 beam 9 user 584 color B
sat 50 beam 10 user 834 color B
sat 50 beam 11 user 852 color A
sat 50 beam 12 user 918 color C
sat 51 beam 1 user 49 color A
sat 51 beam 2 user 105 color A
sat 51 beam 3 user 200 color B
sat 51 beam 4 user 345 color A
sat 51 beam 5 user 492 color A
sat 51 beam 6 user 788 color A
sat 51 beam 7 user 790 color C
sat 51 beam 8 user 828 color A
sat 51 beam 9 user 941 color A
sat 51 beam 10 user 962 color B
sat 51 beam 11 user 977 color B
sat 52 beam 1 user 1 color A
sat 52 beam 2 user 191 color A
sat 52 beam 3 user 234 color A
sat 52 beam 4 user 290 color A
sat 52 beam 5 user 424 color A
sat 52 beam 6 user 430 color A
sat 52 beam 7 user 454 color B
sat 52 beam 8 user 499 color A
sat 52 beam 9 user 504 color A
sat 52 beam 10 user 691 color B
sat 52 beam 11 user 777 color C
sat 52 beam 12 user 779 color A
sat 52 beam 13 user 840 color B
sat 52 beam 14 user 841 color C
sat 52 beam 15 user 855 color A
sat 52 beam 16 user 943 color A
sat 53 beam 1 user 114 color A
sat 53 beam 2 user 159 color A
sat 53 beam 3 user 293 color A
sat 53 beam 4 user 311 color B
sat 53 beam 5 user 317 color A
sat 53 beam 6 user 506 color A
sat 53 beam 7 user 546 color A
sat 53 beam 8 user 586 color A
sat 53 beam 9 user 588 color A
sat 53 beam 10 user 719 color B
sat 53 beam 11 user 791 color C
sat 53 beam 12 user 885 color B
sat 53 beam 13 user 895 color B
sat 53 beam 14 user 939 color A
sat 53 beam 15 user 944 color A
sat 53 beam 16 user 984 color B
sat 54 beam 1 user 28 color A
sat 54 beam 2 user 37 color A
sat 54 beam 3 user 96 color A
sat 54 beam 4 user 123 color A
sat 54 beam 5 user 181 color A
sat 54 beam 6 user 203 color B
sat 54 beam 7 user 215 color C
sat 54 beam 8 user 277 color A
sat 54 beam 9 user 384 color B
sat 54 beam 10 user 405 color A
sat 54 beam 11 user 516 color A
sat 54 beam 12 user 537 color B
sat 54 beam 13 user 694 color B
sat 54 beam 14 user 750 color A
sat 54 beam 15 user 809 color A
sat 54 beam 16 user 913 color B
sat 54 beam 17 user 976 color C
sat 54 beam 18 user 979 color B
sat 54 beam 19 user 993 color C
sat 55 beam 1 user 67 color A
sat 55 beam 2 user 160 color B
sat 55 beam 3 user 281 color A
sat 55 beam 4 user 375 color A
sat 55 beam 5 user 455 color A
sat 55 beam 6 user 582 color A
sat 55 beam 7 user 593 color A
sat 55 beam 8 user 648 color B
sat 55 beam 9 user 650 color A
sat 55 beam 10 user 695 color A
sat 55 beam 11 user 786 color B
sat 55 beam 12 user 794 color B
sat 55 beam 13 user 957 color C
sat 55 beam 14 user 986 color B
sat 56 beam 1 user 103 color A
sat 56 beam 2 user 109 color A
sat 56 beam 3 user 264 color A
sat 56 beam 4 user 468 color A
sat 56 beam 5 user 501 color A
sat 56 beam 6 user 734 color A
sat 56 beam 7 user 736 color A
sat 56 beam 8 user 746 color B
sat 56 beam 9 user 815 color A
sat 56 beam 10 user 846 color A
sat 56 beam 11 user 969 color C
sat 57 beam 1 user 106 color A
sat 57 beam 2 user 136 color B
sat 57 beam 3 user 175 color B
sat 57 beam 4 user 219 color A
sat 57 beam 5 user 287 color A
sat 57 beam 6 user 440 color A
sat 57 beam 7 user 471 color A
sat 57 beam 8 user 560 color B
sat 57 beam 9 user 608 color C
sat 57 beam 10 user 611 color A
sat 57 beam 11 user 624 color D
sat 57 beam 12 user 643 color A
sat 57 beam 13 user 677 color A
sat 57 beam 14 user 729 color A
sat 57 beam 15 user 881 color B
sat 57 beam 16 user 964 color A
sat 58 beam 1 user 116 color A
sat 58 beam 2 user 125 color A
sat 58 beam 3 user 199 color A
sat 58 beam 4 user 220 color A
sat 58 beam 5 user 301 color A
sat 58 beam 6 user 356 color A
sat 58 beam 7 user 390 color B
sat 58 beam 8 user 401 color B
sat 58 beam 9 user 507 color B
sat 58 beam 10 user 644 color A
sat 58 beam 11 user 733 color C
sat 58 beam 12 user 889 color A
sat 58 beam 13 user 908 color B
sat 58 beam 14 user 909 color A
sat 58 beam 15 user 912 color B
sat 59 beam 1 user 41 color A
sat 59 beam 2 user 149 color A
sat 59 beam 3 user 321 color A
sat 59 beam 4 user 399 color A
sat 59 beam 5 user 532 color A
sat 59 beam 6 user 653 color A
sat 59 beam 7 user 738 color B
sat 59 beam 8 user 758 color A
sat 59 beam 9 user 769 color A
sat 59 beam 10 user 782 color B
sat 59 beam 11 user 787 color C
sat 59 beam 12 user 810 color B
sat 59 beam 13 user 922 color B
sat 59 beam 14 user 974 color B
sat 60 beam 1 user 31 color A
sat 60 beam 2 user 275 color A
sat 60 beam 3 user 338 color A
sat 60 beam 4 user 421 color A
sat 60 beam 5 user 479 color B
sat 60 beam 6 user 578 color A
sat 60 beam 7 user 647 color A
sat 60 beam 8 user 793 color B
sat 60 beam 9 user 907 color B
sat 60 beam 10 user 991 color A
